[*] Starting Linux Telemetry Deployment and Coverage Verification...
[*] Checking auditd and rules configuration...
/usr/sbin/augenrules: No change
Old style watch rules are slower
Old style watch rules are slower
Old style watch rules are slower
Old style watch rules are slower
Old style watch rules are slower
Old style watch rules are slower
Old style watch rules are slower
Old style watch rules are slower
Old style watch rules are slower
Old style watch rules are slower
Old style watch rules are slower
Old style watch rules are slower
Old style watch rules are slower
No rules
enabled 1
failure 1
pid 540
rate_limit 0
backlog_limit 8192
lost 0
backlog 0
backlog_wait_time 60000
backlog_wait_time_actual 0
enabled 1
failure 1
pid 540
rate_limit 0
backlog_limit 8192
lost 0
backlog 0
backlog_wait_time 60000
backlog_wait_time_actual 0
enabled 1
failure 1
pid 540
rate_limit 0
backlog_limit 8192
lost 0
backlog 0
backlog_wait_time 60000
backlog_wait_time_actual 0
Synchronizing state of auditd.service with SysV service script with /usr/lib/systemd/systemd-sysv-install.
Executing: /usr/lib/systemd/systemd-sysv-install enable auditd
[*] Executing test action: create a user...
[+] Verified that test action 'create a user' produced the expected record
[*] Executing test action: remove the user...
[+] Verified that test action 'remove the user' produced the expected record
[*] Executing test action: run a service management action...
[+] Verified that test action 'run a service management action' produced the expected record
[*] Executing test action: schedule a cron job...
[+] Verified that test action 'schedule a cron job' produced the expected record
[*] Executing test action: remove it...
[+] Verified that test action 'remove it' produced the expected record
[*] Executing test action: run a short authorized find as root...
[+] Verified that test action 'run a short authorized find as root' produced the expected record
[*] Exporting the last 30 minutes of auditd and syslog records to capstone/telemetry/linux_events.json...
[+] Linux telemetry coverage verification complete. Report saved to capstone/telemetry/linux_coverage.json
